2025-08-12 06:42:03,862 - Knowledge - INFO - Redis support added with prefix knowledge:b95480s:
2025-08-12 06:42:04,126 - Knowledge - INFO - load persisted knowledge: begin
2025-08-12 06:42:04,216 - Knowledge - INFO - load persisted knowledge: end
2025-08-12 06:42:04,329 - Knowledge - INFO - load persisted docinfo: begin
2025-08-12 06:42:04,415 - Knowledge - INFO - load persisted docinfo: end
2025-08-12 06:42:04,508 - Knowledge - INFO - worker kw1 created with dedicated MongoDB connection (total: 1)
2025-08-12 06:42:04,618 - Knowledge - INFO - knowledge worker kw1 start
2025-08-12 06:42:04,623 - Knowledge - INFO - worker kw2 created with dedicated MongoDB connection (total: 2)
2025-08-12 06:42:04,725 - Knowledge - INFO - worker kw1 pull /app/data/tataelxsimockapisolutions5451/95996/b95480s/amx-mock-server-95996/main.py from ingest queue
2025-08-12 06:42:04,788 - Knowledge - INFO - knowledge worker kw2 start
2025-08-12 06:42:04,792 - Knowledge - INFO - worker kw3 created with dedicated MongoDB connection (total: 3)
2025-08-12 06:42:04,921 - Knowledge - INFO - process ingested knowledge for /app/data/tataelxsimockapisolutions5451/95996/b95480s/amx-mock-server-95996/main.py
2025-08-12 06:42:04,998 - Knowledge - INFO - worker kw2 pull /app/data/tataelxsimockapisolutions5451/95996/b95480s/amx-mock-server-95996/requirements.txt from ingest queue
2025-08-12 06:42:05,114 - Knowledge - INFO - knowledge worker kw3 start
2025-08-12 06:42:05,117 - Knowledge - INFO - worker kw4 created with dedicated MongoDB connection (total: 4)
2025-08-12 06:42:05,471 - Knowledge - INFO - knowledge worker kw4 start
2025-08-12 06:42:05,337 - Knowledge - INFO - process ingested knowledge for /app/data/tataelxsimockapisolutions5451/95996/b95480s/amx-mock-server-95996/requirements.txt
2025-08-12 06:42:05,384 - Knowledge - INFO - worker kw3 pull /app/data/tataelxsimockapisolutions5451/95996/b95480s/amx-mock-server-95996/output.json from ingest queue
2025-08-12 06:42:05,226 - Knowledge - INFO - Found code-base-name: https://github.com/kavia-common/amx-mock-server-95996.git:kavia-master
2025-08-12 06:42:05,552 - Knowledge - INFO - worker kw4 pull /app/data/tataelxsimockapisolutions5451/95996/b95480s/amx-mock-server-95996/models.py from ingest queue
2025-08-12 06:42:05,678 - Knowledge - INFO - Found code-base-name: https://github.com/kavia-common/amx-mock-server-95996.git:kavia-master
2025-08-12 06:42:06,023 - Knowledge - INFO - Found code_base: <app.utils.kg_build.knowledge.KnowledgeCodeBase object at 0x7f2fcf5826d0>
2025-08-12 06:42:05,861 - Knowledge - INFO - Found code_base: <app.utils.kg_build.knowledge.KnowledgeCodeBase object at 0x7f2fcf5826d0>
2025-08-12 06:42:05,977 - Knowledge - INFO - process ingested knowledge for /app/data/tataelxsimockapisolutions5451/95996/b95480s/amx-mock-server-95996/models.py
2025-08-12 06:42:05,788 - Knowledge - INFO - process ingested knowledge for /app/data/tataelxsimockapisolutions5451/95996/b95480s/amx-mock-server-95996/output.json
2025-08-12 06:42:06,147 - Knowledge - INFO - persist ingested knowledge for /app/data/tataelxsimockapisolutions5451/95996/b95480s/amx-mock-server-95996/requirements.txt
2025-08-12 06:42:06,251 - Knowledge - INFO - persist ingested knowledge for /app/data/tataelxsimockapisolutions5451/95996/b95480s/amx-mock-server-95996/main.py
2025-08-12 06:42:06,378 - Knowledge - INFO - Found code-base-name: https://github.com/kavia-common/amx-mock-server-95996.git:kavia-master
2025-08-12 06:42:06,492 - Knowledge - INFO - Found code-base-name: https://github.com/kavia-common/amx-mock-server-95996.git:kavia-master
2025-08-12 06:42:06,610 - Knowledge - INFO - adding /app/data/tataelxsimockapisolutions5451/95996/b95480s/amx-mock-server-95996/requirements.txt to ingest queue
2025-08-12 06:42:06,732 - Knowledge - INFO - Found code_base: <app.utils.kg_build.knowledge.KnowledgeCodeBase object at 0x7f2fcf5826d0>
2025-08-12 06:42:06,835 - Knowledge - INFO - Found code_base: <app.utils.kg_build.knowledge.KnowledgeCodeBase object at 0x7f2fcf5826d0>
2025-08-12 06:42:06,970 - Knowledge - INFO - adding /app/data/tataelxsimockapisolutions5451/95996/b95480s/amx-mock-server-95996/main.py to ingest queue
2025-08-12 06:42:07,028 - Knowledge - INFO - persist ingested knowledge for /app/data/tataelxsimockapisolutions5451/95996/b95480s/amx-mock-server-95996/models.py
2025-08-12 06:42:07,121 - Knowledge - INFO - persist ingested knowledge for /app/data/tataelxsimockapisolutions5451/95996/b95480s/amx-mock-server-95996/output.json
2025-08-12 06:42:07,198 - Knowledge - INFO - worker kw2 pull /app/data/tataelxsimockapisolutions5451/95996/b95480s/amx-mock-server-95996/requirements.txt from ingest queue
2025-08-12 06:42:07,200 - Knowledge - INFO - worker kw1 pull /app/data/tataelxsimockapisolutions5451/95996/b95480s/amx-mock-server-95996/main.py from ingest queue
2025-08-12 06:42:07,337 - Knowledge - INFO - adding /app/data/tataelxsimockapisolutions5451/95996/b95480s/amx-mock-server-95996/models.py to ingest queue
2025-08-12 06:42:07,474 - Knowledge - INFO - Thread kw2 - File requirements.txt - Remaining files in queue: 0
2025-08-12 06:42:07,562 - Knowledge - INFO - Thread kw1 - File main.py - Remaining files in queue: 0
2025-08-12 06:42:07,709 - Knowledge - INFO - worker kw4 pull /app/data/tataelxsimockapisolutions5451/95996/b95480s/amx-mock-server-95996/models.py from ingest queue
2025-08-12 06:42:07,709 - Knowledge - INFO - adding /app/data/tataelxsimockapisolutions5451/95996/b95480s/amx-mock-server-95996/output.json to ingest queue
2025-08-12 06:42:07,734 - Knowledge - INFO - start ingest for /app/data/tataelxsimockapisolutions5451/95996/b95480s/amx-mock-server-95996/requirements.txt
2025-08-12 06:42:07,805 - Knowledge - INFO - start ingest for /app/data/tataelxsimockapisolutions5451/95996/b95480s/amx-mock-server-95996/main.py
2025-08-12 06:42:07,914 - Knowledge - INFO - Thread kw4 - File models.py - Remaining files in queue: 0
2025-08-12 06:42:07,992 - Knowledge - INFO - worker kw3 pull /app/data/tataelxsimockapisolutions5451/95996/b95480s/amx-mock-server-95996/output.json from ingest queue
2025-08-12 06:42:08,116 - Knowledge - INFO - Fast-track processing for simple file: /app/data/tataelxsimockapisolutions5451/95996/b95480s/amx-mock-server-95996/requirements.txt
2025-08-12 06:42:08,290 - Knowledge - INFO - start ingest for /app/data/tataelxsimockapisolutions5451/95996/b95480s/amx-mock-server-95996/models.py
2025-08-12 06:42:08,380 - Knowledge - INFO - Thread kw3 - File output.json - Remaining files in queue: 0
2025-08-12 06:42:08,460 - Knowledge - INFO - done fast ingest for /app/data/tataelxsimockapisolutions5451/95996/b95480s/amx-mock-server-95996/requirements.txt
2025-08-12 06:42:08,660 - Knowledge - INFO - start ingest for /app/data/tataelxsimockapisolutions5451/95996/b95480s/amx-mock-server-95996/output.json
2025-08-12 06:42:08,771 - Knowledge - INFO - process ingested knowledge for /app/data/tataelxsimockapisolutions5451/95996/b95480s/amx-mock-server-95996/requirements.txt
2025-08-12 06:42:08,857 - Knowledge - INFO - Fast-track processing for simple file: /app/data/tataelxsimockapisolutions5451/95996/b95480s/amx-mock-server-95996/output.json
2025-08-12 06:42:08,961 - Knowledge - INFO - Found code-base-name: https://github.com/kavia-common/amx-mock-server-95996.git:kavia-master
2025-08-12 06:42:09,045 - Knowledge - INFO - done fast ingest for /app/data/tataelxsimockapisolutions5451/95996/b95480s/amx-mock-server-95996/output.json
2025-08-12 06:42:09,121 - Knowledge - INFO - Found code_base: <app.utils.kg_build.knowledge.KnowledgeCodeBase object at 0x7f2fcf5826d0>
2025-08-12 06:42:09,299 - Knowledge - INFO - persist ingested knowledge for /app/data/tataelxsimockapisolutions5451/95996/b95480s/amx-mock-server-95996/requirements.txt
2025-08-12 06:42:09,224 - Knowledge - INFO - process ingested knowledge for /app/data/tataelxsimockapisolutions5451/95996/b95480s/amx-mock-server-95996/output.json
2025-08-12 06:42:09,468 - Knowledge - INFO - Found code-base-name: https://github.com/kavia-common/amx-mock-server-95996.git:kavia-master
2025-08-12 06:42:09,587 - Knowledge - INFO - Found code_base: <app.utils.kg_build.knowledge.KnowledgeCodeBase object at 0x7f2fcf5826d0>
2025-08-12 06:42:09,692 - Knowledge - INFO - persist ingested knowledge for /app/data/tataelxsimockapisolutions5451/95996/b95480s/amx-mock-server-95996/output.json
2025-08-12 06:42:17,185 - Knowledge - INFO - done ingest for /app/data/tataelxsimockapisolutions5451/95996/b95480s/amx-mock-server-95996/models.py
2025-08-12 06:42:17,321 - Knowledge - INFO - process ingested knowledge for /app/data/tataelxsimockapisolutions5451/95996/b95480s/amx-mock-server-95996/models.py
2025-08-12 06:42:17,348 - Knowledge - INFO - done ingest for /app/data/tataelxsimockapisolutions5451/95996/b95480s/amx-mock-server-95996/main.py
2025-08-12 06:42:17,410 - Knowledge - INFO - Found code-base-name: https://github.com/kavia-common/amx-mock-server-95996.git:kavia-master
2025-08-12 06:42:17,545 - Knowledge - INFO - process ingested knowledge for /app/data/tataelxsimockapisolutions5451/95996/b95480s/amx-mock-server-95996/main.py
2025-08-12 06:42:17,644 - Knowledge - INFO - Found code_base: <app.utils.kg_build.knowledge.KnowledgeCodeBase object at 0x7f2fcf5826d0>
2025-08-12 06:42:17,729 - Knowledge - INFO - Found code-base-name: https://github.com/kavia-common/amx-mock-server-95996.git:kavia-master
2025-08-12 06:42:17,823 - Knowledge - INFO - persist ingested knowledge for /app/data/tataelxsimockapisolutions5451/95996/b95480s/amx-mock-server-95996/models.py
2025-08-12 06:42:17,903 - Knowledge - INFO - Found code_base: <app.utils.kg_build.knowledge.KnowledgeCodeBase object at 0x7f2fcf5826d0>
2025-08-12 06:42:18,070 - Knowledge - INFO - persist ingested knowledge for /app/data/tataelxsimockapisolutions5451/95996/b95480s/amx-mock-server-95996/main.py
2025-08-12 06:42:18,495 - Knowledge - INFO - persist search terms embedding for models.py
2025-08-12 06:42:18,977 - Knowledge - INFO - persist search terms embedding for main.py
2025-08-12 06:42:19,059 - Knowledge - INFO - Knowledge creation complete
2025-08-12 06:42:19,132 - Knowledge - INFO - Updating org costs, total cost: 0.0007679999999999999
2025-08-12 06:42:19,675 - Knowledge - INFO - Saving knowledge to Redis...
2025-08-12 06:42:19,756 - Knowledge - INFO - Knowledge saved to Redis successfully
2025-08-12 06:45:16,541 - Knowledge - INFO - Redis support added with prefix knowledge:b95480s:
2025-08-12 06:45:16,784 - Knowledge - INFO - load persisted knowledge: begin
2025-08-12 06:45:16,927 - Knowledge - INFO - Persisted knowledge files in /app/data/tataelxsimockapisolutions5451/95996/b95480s/amx-mock-server-95996/.knowledge have been renamed to use .json
2025-08-12 06:45:17,062 - Knowledge - INFO - Found code-base-name: https://github.com/kavia-common/amx-mock-server-95996.git:kavia-master
2025-08-12 06:45:17,140 - Knowledge - INFO - Found code_base: <app.utils.kg_build.knowledge.KnowledgeCodeBase object at 0x7f9a07298310>
2025-08-12 06:45:17,208 - Knowledge - INFO - process ingested knowledge for /app/data/tataelxsimockapisolutions5451/95996/b95480s/amx-mock-server-95996/main.py
2025-08-12 06:45:17,294 - Knowledge - INFO - Found code-base-name: https://github.com/kavia-common/amx-mock-server-95996.git:kavia-master
2025-08-12 06:45:17,370 - Knowledge - INFO - Found code_base: <app.utils.kg_build.knowledge.KnowledgeCodeBase object at 0x7f9a07298310>
2025-08-12 06:45:17,476 - Knowledge - INFO - process ingested knowledge for /app/data/tataelxsimockapisolutions5451/95996/b95480s/amx-mock-server-95996/requirements.txt
2025-08-12 06:45:17,592 - Knowledge - INFO - Found code-base-name: https://github.com/kavia-common/amx-mock-server-95996.git:kavia-master
2025-08-12 06:45:17,711 - Knowledge - INFO - Found code_base: <app.utils.kg_build.knowledge.KnowledgeCodeBase object at 0x7f9a07298310>
2025-08-12 06:45:17,826 - Knowledge - INFO - process ingested knowledge for /app/data/tataelxsimockapisolutions5451/95996/b95480s/amx-mock-server-95996/output.json
2025-08-12 06:45:17,915 - Knowledge - INFO - Found code-base-name: https://github.com/kavia-common/amx-mock-server-95996.git:kavia-master
2025-08-12 06:45:18,018 - Knowledge - INFO - Found code_base: <app.utils.kg_build.knowledge.KnowledgeCodeBase object at 0x7f9a07298310>
2025-08-12 06:45:18,144 - Knowledge - INFO - process ingested knowledge for /app/data/tataelxsimockapisolutions5451/95996/b95480s/amx-mock-server-95996/models.py
2025-08-12 06:45:18,241 - Knowledge - INFO - load persisted knowledge: end
2025-08-12 06:45:18,367 - Knowledge - INFO - load persisted docinfo: begin
2025-08-12 06:45:18,504 - Knowledge - INFO - load persisted docinfo: end
2025-08-12 06:45:18,601 - Knowledge - INFO - worker kw1 created with dedicated MongoDB connection (total: 1)
2025-08-12 06:45:18,692 - Knowledge - INFO - knowledge worker kw1 start
2025-08-12 06:45:18,780 - Knowledge - INFO - Knowledge creation complete
2025-08-12 06:45:18,891 - Knowledge - INFO - Updating org costs, total cost: 0
2025-08-12 06:45:19,710 - Knowledge - INFO - Saving knowledge to Redis...
2025-08-12 06:45:19,799 - Knowledge - INFO - Knowledge saved to Redis successfully
2025-08-12 06:51:37,131 - Knowledge - INFO - Redis support added with prefix knowledge:b95480s:
2025-08-12 06:51:37,356 - Knowledge - INFO - load persisted knowledge: begin
2025-08-12 06:51:37,446 - Knowledge - INFO - Found code-base-name: https://github.com/kavia-common/amx-mock-server-95996.git:kavia-master
2025-08-12 06:51:37,546 - Knowledge - INFO - Found code_base: <app.utils.kg_build.knowledge.KnowledgeCodeBase object at 0x7fb519bba310>
2025-08-12 06:51:37,633 - Knowledge - INFO - process ingested knowledge for /app/data/tataelxsimockapisolutions5451/95996/b95480s/amx-mock-server-95996/main.py
2025-08-12 06:51:37,752 - Knowledge - INFO - Found code-base-name: https://github.com/kavia-common/amx-mock-server-95996.git:kavia-master
2025-08-12 06:51:37,840 - Knowledge - INFO - Found code_base: <app.utils.kg_build.knowledge.KnowledgeCodeBase object at 0x7fb519bba310>
2025-08-12 06:51:37,941 - Knowledge - INFO - process ingested knowledge for /app/data/tataelxsimockapisolutions5451/95996/b95480s/amx-mock-server-95996/requirements.txt
2025-08-12 06:51:38,042 - Knowledge - INFO - Found code-base-name: https://github.com/kavia-common/amx-mock-server-95996.git:kavia-master
2025-08-12 06:51:38,123 - Knowledge - INFO - Found code_base: <app.utils.kg_build.knowledge.KnowledgeCodeBase object at 0x7fb519bba310>
2025-08-12 06:51:38,216 - Knowledge - INFO - process ingested knowledge for /app/data/tataelxsimockapisolutions5451/95996/b95480s/amx-mock-server-95996/output.json
2025-08-12 06:51:38,314 - Knowledge - INFO - Found code-base-name: https://github.com/kavia-common/amx-mock-server-95996.git:kavia-master
2025-08-12 06:51:38,436 - Knowledge - INFO - Found code_base: <app.utils.kg_build.knowledge.KnowledgeCodeBase object at 0x7fb519bba310>
2025-08-12 06:51:38,551 - Knowledge - INFO - process ingested knowledge for /app/data/tataelxsimockapisolutions5451/95996/b95480s/amx-mock-server-95996/models.py
2025-08-12 06:51:38,678 - Knowledge - INFO - load persisted knowledge: end
2025-08-12 06:51:38,778 - Knowledge - INFO - load persisted docinfo: begin
2025-08-12 06:51:38,897 - Knowledge - INFO - load persisted docinfo: end
2025-08-12 06:51:39,024 - Knowledge - INFO - worker kw1 created with dedicated MongoDB connection (total: 1)
2025-08-12 06:51:39,138 - Knowledge - INFO - knowledge worker kw1 start
2025-08-12 06:51:39,219 - Knowledge - INFO - Knowledge creation complete
2025-08-12 06:51:39,295 - Knowledge - INFO - Updating org costs, total cost: 0
2025-08-12 06:51:40,157 - Knowledge - INFO - Saving knowledge to Redis...
2025-08-12 06:51:40,279 - Knowledge - INFO - Knowledge saved to Redis successfully
